[train] method=dinov2 dataset=nih fraction=1.0 seed=0 train_examples=22046 steps=2000/2000 done
[train] method=dinov2 dataset=nih fraction=1.0 seed=1 train_examples=22046 steps=2000/2000 done
[train] method=dinov2 dataset=nih fraction=0.25 seed=0 train_examples=5512 steps=2000/2000 done
[train] method=dinov2 dataset=nih fraction=0.25 seed=1 train_examples=5512 steps=2000/2000 done
[train] method=dinov2 dataset=nih fraction=0.1 seed=0 train_examples=2205 steps=2000/2000 done
[train] method=dinov2 dataset=nih fraction=0.1 seed=1 train_examples=2205 steps=2000/2000 done
[train] method=dinov2 dataset=nih fraction=0.02 seed=0 train_examples=441 steps=2000/2000 done
[train] method=dinov2 dataset=nih fraction=0.02 seed=1 train_examples=441 steps=2000/2000 done
[train] method=plasmovision dataset=nih fraction=1.0 seed=0 train_examples=22046 steps=2000/2000 done
[train] method=plasmovision dataset=nih fraction=1.0 seed=1 train_examples=22046 steps=2000/2000 done
[train] method=plasmovision dataset=nih fraction=0.25 seed=0 train_examples=5512 steps=2000/2000 done
[train] method=plasmovision dataset=nih fraction=0.25 seed=1 train_examples=5512 steps=2000/2000 done
[train] method=plasmovision dataset=nih fraction=0.1 seed=0 train_examples=2205 steps=2000/2000 done
[train] method=plasmovision dataset=nih fraction=0.1 seed=1 train_examples=2205 steps=2000/2000 done
[train] method=plasmovision dataset=nih fraction=0.02 seed=0 train_examples=441 steps=2000/2000 done
[train] method=plasmovision dataset=nih fraction=0.02 seed=1 train_examples=441 steps=2000/2000 done
[train] method=cnn dataset=nih fraction=1.0 seed=0 train_examples=22046 steps=2000/2000 done
[train] method=cnn dataset=nih fraction=1.0 seed=1 train_examples=22046 steps=2000/2000 done
[train] method=cnn dataset=nih fraction=0.25 seed=0 train_examples=5512 steps=2000/2000 done
[train] method=cnn dataset=nih fraction=0.25 seed=1 train_examples=5512 steps=2000/2000 done
[train] method=cnn dataset=nih fraction=0.1 seed=0 train_examples=2205 steps=2000/2000 done
[train] method=cnn dataset=nih fraction=0.1 seed=1 train_examples=2205 steps=2000/2000 done
[train] method=cnn dataset=nih fraction=0.02 seed=0 train_examples=441 steps=2000/2000 done
[train] method=cnn dataset=nih fraction=0.02 seed=1 train_examples=441 steps=2000/2000 done
[train] method=resnet18 dataset=nih fraction=1.0 seed=0 train_examples=22046 steps=2000/2000 done
[train] method=resnet18 dataset=nih fraction=1.0 seed=1 train_examples=22046 steps=2000/2000 done
[train] method=resnet18 dataset=nih fraction=0.25 seed=0 train_examples=5512 steps=2000/2000 done
[train] method=resnet18 dataset=nih fraction=0.25 seed=1 train_examples=5512 steps=2000/2000 done
[train] method=resnet18 dataset=nih fraction=0.1 seed=0 train_examples=2205 steps=2000/2000 done
[train] method=resnet18 dataset=nih fraction=0.1 seed=1 train_examples=2205 steps=2000/2000 done
[train] method=resnet18 dataset=nih fraction=0.02 seed=0 train_examples=441 steps=2000/2000 done
[train] method=resnet18 dataset=nih fraction=0.02 seed=1 train_examples=441 steps=2000/2000 done
[train] method=dinov2 dataset=bbbc041 fraction=1.0 seed=0 train_examples=7718 steps=2000/2000 done
[train] method=dinov2 dataset=bbbc041 fraction=1.0 seed=1 train_examples=7718 steps=2000/2000 done
[train] method=dinov2 dataset=bbbc041 fraction=0.25 seed=0 train_examples=1930 steps=2000/2000 done
[train] method=dinov2 dataset=bbbc041 fraction=0.25 seed=1 train_examples=1930 steps=2000/2000 done
[train] method=dinov2 dataset=bbbc041 fraction=0.1 seed=0 train_examples=772 steps=2000/2000 done
[train] method=dinov2 dataset=bbbc041 fraction=0.1 seed=1 train_examples=772 steps=2000/2000 done
[train] method=dinov2 dataset=bbbc041 fraction=0.02 seed=0 train_examples=154 steps=2000/2000 done
[train] method=dinov2 dataset=bbbc041 fraction=0.02 seed=1 train_examples=154 steps=2000/2000 done
[train] method=plasmovision dataset=bbbc041 fraction=1.0 seed=0 train_examples=7718 steps=2000/2000 done
[train] method=plasmovision dataset=bbbc041 fraction=1.0 seed=1 train_examples=7718 steps=2000/2000 done
[train] method=plasmovision dataset=bbbc041 fraction=0.25 seed=0 train_examples=1930 steps=2000/2000 done
[train] method=plasmovision dataset=bbbc041 fraction=0.25 seed=1 train_examples=1930 steps=2000/2000 done
[train] method=plasmovision dataset=bbbc041 fraction=0.1 seed=0 train_examples=772 steps=2000/2000 done
[train] method=plasmovision dataset=bbbc041 fraction=0.1 seed=1 train_examples=772 steps=2000/2000 done
[train] method=plasmovision dataset=bbbc041 fraction=0.02 seed=0 train_examples=154 steps=2000/2000 done
[train] method=plasmovision dataset=bbbc041 fraction=0.02 seed=1 train_examples=154 steps=2000/2000 done
[train] method=cnn dataset=bbbc041 fraction=1.0 seed=0 train_examples=7718 steps=2000/2000 done
[train] method=cnn dataset=bbbc041 fraction=1.0 seed=1 train_examples=7718 steps=2000/2000 done
[train] method=cnn dataset=bbbc041 fraction=0.25 seed=0 train_examples=1930 steps=2000/2000 done
[train] method=cnn dataset=bbbc041 fraction=0.25 seed=1 train_examples=1930 steps=2000/2000 done
[train] method=cnn dataset=bbbc041 fraction=0.1 seed=0 train_examples=772 steps=2000/2000 done
[train] method=cnn dataset=bbbc041 fraction=0.1 seed=1 train_examples=772 steps=2000/2000 done
[train] method=cnn dataset=bbbc041 fraction=0.02 seed=0 train_examples=154 steps=2000/2000 done
[train] method=cnn dataset=bbbc041 fraction=0.02 seed=1 train_examples=154 steps=2000/2000 done
[train] method=resnet18 dataset=bbbc041 fraction=1.0 seed=0 train_examples=7718 steps=2000/2000 done
[train] method=resnet18 dataset=bbbc041 fraction=1.0 seed=1 train_examples=7718 steps=2000/2000 done
[train] method=resnet18 dataset=bbbc041 fraction=0.25 seed=0 train_examples=1930 steps=2000/2000 done
[train] method=resnet18 dataset=bbbc041 fraction=0.25 seed=1 train_examples=1930 steps=2000/2000 done
[train] method=resnet18 dataset=bbbc041 fraction=0.1 seed=0 train_examples=772 steps=2000/2000 done
[train] method=resnet18 dataset=bbbc041 fraction=0.1 seed=1 train_examples=772 steps=2000/2000 done
[train] method=resnet18 dataset=bbbc041 fraction=0.02 seed=0 train_examples=154 steps=2000/2000 done
[train] method=resnet18 dataset=bbbc041 fraction=0.02 seed=1 train_examples=154 steps=2000/2000 done
